// Jest Snapshot v1, https://goo.gl/fbAQLP

exports[`Dataset testing snapshot match 1`] = `ShallowWrapper {}`;

exports[`Link changes the class when hovered 1`] = `ShallowWrapper {}`;

exports[`snapshot match 1`] = `ShallowWrapper {}`;
