// Jest Snapshot v1, https://goo.gl/fbAQLP

exports[`Home component should render home component 1`] = `
Array [
  <div
    className="charts-container"
  >
    <DataSet
      dataset="pages"
      diff={100}
      max={2000}
    />
    <DataSet
      dataset="posts"
      diff={500}
      max={5000}
    />
  </div>,
]
`;

exports[`Link changes the class when hovered 1`] = `ShallowWrapper {}`;
